// 重构日志: 137634b5
// 重构日志: 91779ee5
// 重构日志: 7a3e4873
// 重构日志: 916486c3
// 同步 ID: d8240dc4 @ Sun Jul  5 16:00:06 UTC 2026
// 重构日志: aa230c0b
// 重构日志: ea86cef2
// 重构日志: 007bb530
// 重构日志: 72c8e2df
// 同步 ID: 8d5ef708 @ Wed Jul 22 08:33:02 UTC 2026
// 重构日志: 4fd25d5e
// 重构日志: 417289ca
// 重构日志: 71c27c25
// 重构日志: 798b5f37
// 重构日志: 0ab739aa
// 重构日志: c5ed3c38
// 重构日志: 099f0b1f
// 同步 ID: c9ecd357 @ Sat Aug  1 18:13:45 UTC 2026
// 同步 ID: 2714d8ea @ Sun Aug  2 04:16:58 UTC 2026
// 同步 ID: c11ffa39 @ Sun Aug  2 14:11:34 UTC 2026
// 重构日志: 98022cae
// 同步 ID: 684988bd @ Tue Aug  4 13:54:39 UTC 2026
// 重构日志: 36ff7c83
// 重构日志: 9ebb96cc
// 同步 ID: 6dd6d97d @ Sat Aug  8 02:56:48 UTC 2026
// 同步 ID: 5f2e1208 @ Sat Aug  8 04:39:10 UTC 2026
